[1;38;5;39m🚀 Houston [0m[38;5;245m 1 Missions [0m[38;5;240m│[0m[1;38;5;231;48;5;39m 2 Accounts [0m                                                     [38;5;240m0 accounts[0m 
[38;5;39m╭──────────────────────────────────────────────────────────────────────────────────────────────────╮[0m
[38;5;39m│[0m[38;5;240mNo accounts yet.[0m                                                                                  [38;5;39m│[0m
[38;5;39m│[0m                                                                                                  [38;5;39m│[0m
[38;5;39m│[0m[38;5;245mTo add an account:[0m                                                                                [38;5;39m│[0m
[38;5;39m│[0m  [38;5;220m1) houston account add <label>[0m                                                                  [38;5;39m│[0m
[38;5;39m│[0m  [38;5;220m2) houston run[0m[38;5;240m   (the first time it will /login in the browser)[0m                                 [38;5;39m│[0m
[38;5;39m│[0m                                                                                                  [38;5;39m│[0m
[38;5;39m│[0m                                                                                                  [38;5;39m│[0m
[38;5;39m│[0m                                                                                                  [38;5;39m│[0m
[38;5;39m│[0m                                                                                                  [38;5;39m│[0m
[38;5;39m│[0m                                                                                                  [38;5;39m│[0m
[38;5;39m│[0m                                                                                                  [38;5;39m│[0m
[38;5;39m│[0m                                                                                                  [38;5;39m│[0m
[38;5;39m│[0m                                                                                                  [38;5;39m│[0m
[38;5;39m│[0m                                                                                                  [38;5;39m│[0m
[38;5;39m│[0m                                                                                                  [38;5;39m│[0m
[38;5;39m│[0m                                                                                                  [38;5;39m│[0m
[38;5;39m│[0m                                                                                                  [38;5;39m│[0m
[38;5;39m│[0m                                                                                                  [38;5;39m│[0m
[38;5;39m│[0m                                                                                                  [38;5;39m│[0m
[38;5;39m│[0m                                                                                                  [38;5;39m│[0m
[38;5;39m│[0m                                                                                                  [38;5;39m│[0m
[38;5;39m│[0m                                                                                                  [38;5;39m│[0m
[38;5;39m│[0m                                                                                                  [38;5;39m│[0m
[38;5;39m│[0m                                                                                                  [38;5;39m│[0m
[38;5;39m│[0m                                                                                                  [38;5;39m│[0m
[38;5;39m│[0m                                                                                                  [38;5;39m│[0m
[38;5;39m╰──────────────────────────────────────────────────────────────────────────────────────────────────╯[0m
[38;5;245menter launch session · d/x remove account · r probe usage · esc back to missions · ? help[0m           