[48;5;39m [0m[1;38;5;231;48;5;39m🚀 Houston · Help[0m[48;5;39m [0m[48;5;39m                                                                                 [0m
                                                                                                    
               [38;5;39m╭───────────────────────────────────────────────────────────────────╮[0m                
               [38;5;39m│[0m                          [1;38;5;231mHelp — Missions[0m                          [38;5;39m│[0m                
               [38;5;39m│[0m                                                                   [38;5;39m│[0m                
               [38;5;39m│[0m  [1;38;5;39mTabs[0m                              [1;38;5;39mMission[0m                        [38;5;39m│[0m                
               [38;5;39m│[0m    [38;5;220m1-9[0m     switch tab                [38;5;220menter[0m   resume               [38;5;39m│[0m                
               [38;5;39m│[0m    [38;5;220m[/][0m     previous / next tab       [38;5;220me[0m       export transcript    [38;5;39m│[0m                
               [38;5;39m│[0m                                      [38;5;220mm[0m       remap cwd            [38;5;39m│[0m                
               [38;5;39m│[0m  [1;38;5;39mSystem[0m                                                           [38;5;39m│[0m                
               [38;5;39m│[0m    [38;5;220m:[0m       command palette         [1;38;5;39mOrganize[0m                       [38;5;39m│[0m                
               [38;5;39m│[0m    [38;5;220mA[0m       accounts                  [38;5;220m*[0m       pin / unpin          [38;5;39m│[0m                
               [38;5;39m│[0m    [38;5;220mr[0m       reindex                   [38;5;220ma[0m       archive / unarchive  [38;5;39m│[0m                
               [38;5;39m│[0m    [38;5;220m?[0m       help                      [38;5;220mt[0m       tag                  [38;5;39m│[0m                
               [38;5;39m│[0m    [38;5;220mq[0m       quit                      [38;5;220mn[0m       note                 [38;5;39m│[0m                
               [38;5;39m│[0m                                      [38;5;220mp[0m       add to program       [38;5;39m│[0m                
               [38;5;39m│[0m  [1;38;5;39mNavigate[0m                            [38;5;220mP[0m       new program          [38;5;39m│[0m                
               [38;5;39m│[0m    [38;5;220m↑/k[0m     move up                   [38;5;220mx[0m       remove from program  [38;5;39m│[0m                
               [38;5;39m│[0m    [38;5;220m↓/j[0m     move down                                              [38;5;39m│[0m                
               [38;5;39m│[0m    [38;5;220mtab[0m     switch pane                                            [38;5;39m│[0m                
               [38;5;39m│[0m    [38;5;220m←/h[0m     focus programs                                         [38;5;39m│[0m                
               [38;5;39m│[0m    [38;5;220m→/l[0m     focus missions                                         [38;5;39m│[0m                
               [38;5;39m│[0m    [38;5;220m/[0m       search                                                 [38;5;39m│[0m                
               [38;5;39m│[0m    [38;5;220mesc[0m     clear filter                                           [38;5;39m│[0m                
               [38;5;39m│[0m    [38;5;220mpgup/b[0m  preview up                                             [38;5;39m│[0m                
               [38;5;39m│[0m    [38;5;220mpgdn/f[0m  preview down                                           [38;5;39m│[0m                
               [38;5;39m╰───────────────────────────────────────────────────────────────────╯[0m                
                                                                                                    
                                                                                                    
[38;5;245mpress a command key to run it · j/k scroll · esc close[0m                                              